// Jest Snapshot v1, https://goo.gl/fbAQLP

exports[`index.vue renders component 1`] = `
<div
  class="card d-flex"
>
  <v-layout
    align-start=""
    row=""
    wrap=""
  >
    <v-dialog
      max-width="600"
      width="100%"
    >
       
      <!---->
    </v-dialog>
     
    <!---->
  </v-layout>
</div>
`;
